ok - Pi extension reports external healthy watcher output
ok - Pi custom tool exposes repair-only metadata and returns automatic-continuation guidance
ok - Pi redundant tool call returns ownership guidance and spawns no second child
ok - Pi scheduled retry remains extension-owned after another tool call
ok - Pi actionable closes restore each successor before delivery and keep supervising while an earlier follow-up is blocked
ok - Pi revalidates delayed rows after either actor presents them, during queue mutation, after consumption, endpoint replacement, cleanup, and generation change while malformed evidence and current stale, declared-pause, merge, turn-end, and failure events still deliver
ok - Pi coalesces repeated same-task stale events to the newest durable identity and restores a successor for it
ok - Pi session replacement retires the old delayed delivery while the new session owns successor supervision
ok - Pi dispatcher branch offer owns accepted wakes and falls back to main
ok - Pi dispatcher flags a fleet-wide heartbeat offer as branch-eligible
ok - a co-present check row neither vetoes nor rides a heartbeat into main
ok - every main-only check class still reaches main, never the supervision branch
ok - heartbeat restoration failure stays on main
ok - watcher-failure repair stays with main even with a live, accepting branch listener
ok - Pi refused handling handshake is classified and not swallowed
ok - Pi hung successor falls back to one typed actionable wake
ok - Pi unretired successor falls back without an overlapping retry
ok - Pi late unretired closes resume classified supervision
ok - Pi clean empty close triggers a bounded continuity retry
ok - Pi retry resumes the actionable close queued behind a failed successor
ok - Pi retry lock loss resumes queued actionable closes without a successor
ok - Pi surfaces a queued failure without disturbing its healthy successor
ok - Pi bounds an unready successor without losing or reordering queued closes
ok - Pi established clean closes stop at the configured retry limit
ok - Pi close handler verifies session-lock ownership before successor launch
ok - Pi watcher arm distinguishes all session lock ownership states
ok - Pi session transitions use a generation owner across /new /resume /fork, stale callbacks, and quit
ok - Pi process-exit cleanup listener remains singular across session replacement
ok - Pi process-exit cleanup stops the attached arm child
ok - OpenCode plugins have an explicit ESM boundary even under a typeless parent package
ok - OpenCode watcher plugin uses the effective FM_HOME state
ok - OpenCode watcher plugin sources the effective config
ok - OpenCode watcher plugin requires session lock ownership
ok - OpenCode watcher coordinator respects primary scope
ok - OpenCode watcher plugin starts one successor before wake prompt delivery settles
ok - OpenCode pre-ready actionable close preserves its successor
ok - OpenCode hung successor falls back to one typed actionable wake
ok - OpenCode unretired successor falls back without an overlapping retry
ok - OpenCode late unretired closes resume classified supervision
ok - OpenCode clean empty close triggers a bounded continuity retry
ok - OpenCode established clean closes stop at the configured retry limit
ok - OpenCode close handler verifies session-lock ownership before successor launch
ok - OpenCode watcher plugin coordinates with the turn-end guard
ok - OpenCode healthy arm output does not suppress the turn-end guard
